JSCompiler_StaticMethods__peek_at:ij
JSCompiler_StaticMethods__run:gj
JSCompiler_StaticMethods__set_opts:jj
JSCompiler_StaticMethods_add_after_render:Oi
JSCompiler_StaticMethods_assoc_BANG_:Rf
JSCompiler_StaticMethods_cljs$core$ITransientVector$_assoc_n_BANG_$arity$3:bf
JSCompiler_StaticMethods_flush_after_render:Mi
JSCompiler_StaticMethods_schedule:Ni
JSCompiler_StaticMethods_sval:Kd
JSCompiler_prototypeAlias:g
L 0:a
L 1:b
L 10:n
L 11:t
L 12:w
L 13:z
L 14:H
L 15:N
L 16:X
L 17:ca
L 18:na
L 19:ua
L 2:c
L 20:Ka
L 21:fa
L 22:q
L 23:B
L 24:D
L 25:F
L 26:G
L 27:I
L 28:K
L 29:P
L 3:d
L 30:R
L 31:V
L 32:W
L 33:ba
L 34:ea
L 35:ka
L 36:pa
L 37:ta
L 38:za
L 39:Ja
L 4:e
L 40:bb
L 41:Hb
L 42:Jc
L 43:Yd
L 5:f
L 6:h
L 7:k
L 8:l
L 9:m
cljs:ra
cljs$core:sa
cljs$core$ArrayChunk:Md
cljs$core$ArrayNode:Bf
cljs$core$ArrayNodeIterator:Ff
cljs$core$ArrayNodeSeq:Mf
cljs$core$Atom:oe
cljs$core$BitmapIndexedNode:xf
cljs$core$BitmapIndexedNode$EMPTY:Af
cljs$core$Box:qf
cljs$core$ChunkBuffer:Ld
cljs$core$ChunkedCons:Od
cljs$core$ChunkedSeq:We
cljs$core$Cons:Fd
cljs$core$ES6EntriesIterator:ff
cljs$core$ES6Iterator:vc
cljs$core$ES6IteratorSeq:xc
cljs$core$ES6SetEntriesIterator:gf
cljs$core$EmptyList:Ed
cljs$core$Fn:Na
cljs$core$HashCollisionNode:Jf
cljs$core$HashMapIter:Of
cljs$core$HashSetIter:Yf
cljs$core$IAssociative:eb
cljs$core$ICollection:Ta
cljs$core$ICounted:Pa
cljs$core$IEmptyableCollection:Ra
cljs$core$IEncodeJS:vg
cljs$core$IFn:Oa
cljs$core$IIndexed:Va
cljs$core$IIndexed$_nth$dyn_8190:Xa
cljs$core$IIterable:Zb
cljs$core$IKVReduce:zb
cljs$core$IList:Gb
cljs$core$ILookup:ab
cljs$core$ILookup$_lookup$dyn_8197:db
cljs$core$IMap:ib
cljs$core$IMeta:tb
cljs$core$INIT:ie
cljs$core$INext:$a
cljs$core$IPrintWithWriter:Kb
cljs$core$IRecord:Ib
cljs$core$IReduce:wb
cljs$core$IReduce$_reduce$dyn_8216:yb
cljs$core$ISeq:Ya
cljs$core$ISeqable:Db
cljs$core$ISequential:Fb
cljs$core$ISet:mb
cljs$core$ISwap$_swap_BANG_$dyn_8323:Yb
cljs$core$ITER_SYMBOL:Ga
cljs$core$IVector:qb
cljs$core$IndexedSeq:qc
cljs$core$IndexedSeqIterator:Qc
cljs$core$KeySeq:Sf
cljs$core$Keyword:E
cljs$core$LazySeq:Jd
cljs$core$List:Wc
cljs$core$List$EMPTY:tc
cljs$core$MapEntry:Ke
cljs$core$MetaFn:bd
cljs$core$NeverEquiv:cf
cljs$core$NodeIterator:wf
cljs$core$NodeSeq:Kf
cljs$core$PROTOCOL_SENTINEL:r
cljs$core$PersistentArrayMap:u
cljs$core$PersistentArrayMap$EMPTY:he
cljs$core$PersistentArrayMap$HASHMAP_THRESHOLD:nf
cljs$core$PersistentArrayMapIterator:jf
cljs$core$PersistentArrayMapSeq:hf
cljs$core$PersistentHashMap:Pf
cljs$core$PersistentHashMap$EMPTY:of
cljs$core$PersistentHashSet:Zf
cljs$core$PersistentHashSet$EMPTY:ag
cljs$core$PersistentVector:Y
cljs$core$PersistentVector$EMPTY:Vc
cljs$core$PersistentVector$EMPTY_NODE:Z
cljs$core$PersistentVector$fromArray:Qe
cljs$core$RangedIterator:Ge
cljs$core$Reduced:Dc
cljs$core$START:je
cljs$core$SeqIter:ke
cljs$core$StringBufferWriter:ac
cljs$core$Subvec:Ye
cljs$core$Symbol:mc
cljs$core$TransientArrayMap:mf
cljs$core$TransientHashMap:Qf
cljs$core$TransientHashSet:$f
cljs$core$TransientVector:Le
cljs$core$ValSeq:Tf
cljs$core$VectorNode:ve
cljs$core$_EQ_:uc
cljs$core$_STAR_print_level_STAR_:wa
cljs$core$__destructure_map:ee
cljs$core$_add_watch:Mb
cljs$core$_as_transient:Pb
cljs$core$_assoc:gb
cljs$core$_assoc_BANG_:Sb
cljs$core$_assoc_n:rb
cljs$core$_chunked_first:Ub
cljs$core$_chunked_rest:Vb
cljs$core$_clj__GT_js:wg
cljs$core$_conj:Ua
cljs$core$_conj_BANG_:Qb
cljs$core$_contains_key_QMARK_:fb
cljs$core$_count:Qa
cljs$core$_deref:sb
cljs$core$_disjoin:nb
cljs$core$_dissoc:jb
cljs$core$_drop_first:Tb
cljs$core$_empty:Sa
cljs$core$_equiv:Bb
cljs$core$_find:hb
cljs$core$_first:C
cljs$core$_hash:Cb
cljs$core$_indexOf$cljs$0core$0IFn$0_invoke$0arity$03:Q
cljs$core$_iterator:$b
cljs$core$_key:kb
cljs$core$_kv_reduce:Ab
cljs$core$_lastIndexOf$cljs$0core$0IFn$0_invoke$0arity$03:T
cljs$core$_lookup:cb
cljs$core$_meta:ub
cljs$core$_nth:Wa
cljs$core$_peek:ob
cljs$core$_persistent_BANG_:Rb
cljs$core$_pop:pb
cljs$core$_pr_writer:Lb
cljs$core$_reduce:xb
cljs$core$_remove_watch:Ob
cljs$core$_reset_BANG_:Wb
cljs$core$_rest:Za
cljs$core$_seq:Eb
cljs$core$_swap_BANG_:Xb
cljs$core$_val:lb
cljs$core$_with_meta:vb
cljs$core$_write:Jb
cljs$core$aclone:Ha
cljs$core$apply:cd
cljs$core$apply$cljs$0core$0IFn$0_invoke$0arity$02:ae
cljs$core$apply$cljs$0core$0IFn$0_invoke$0arity$03:be
cljs$core$apply$cljs$0core$0IFn$0_invoke$0arity$05:ce
cljs$core$apply$cljs$0core$0IFn$0_invoke$0arity$0variadic:de
cljs$core$apply_to:Ud
cljs$core$apply_to_simple$cljs$0core$0IFn$0_invoke$0arity$03:Wd
cljs$core$apply_to_simple$cljs$0core$0IFn$0_invoke$0arity$04:Xd
cljs$core$apply_to_simple$cljs$0core$0IFn$0_invoke$0arity$05:Zd
cljs$core$apply_to_simple$cljs$0core$0IFn$0_invoke$0arity$06:$d
cljs$core$array_QMARK_:Ea
cljs$core$array__GT_transient_hash_map:pf
cljs$core$array_copy:od
cljs$core$array_for:De
cljs$core$array_index_of:Zc
cljs$core$array_reduce$cljs$0core$0IFn$0_invoke$0arity$02:Ic
cljs$core$array_reduce$cljs$0core$0IFn$0_invoke$0arity$03:Kc
cljs$core$array_reduce$cljs$0core$0IFn$0_invoke$0arity$04:Lc
cljs$core$assoc:Yc
cljs$core$bit_count:Dd
cljs$core$boolean$0:qd
cljs$core$bounded_count:Rd
cljs$core$build_subvec:Ze
cljs$core$char_escapes:gg
cljs$core$chunk_append:Qd
cljs$core$chunk_buffer:Nd
cljs$core$chunk_cons:Pd
cljs$core$chunked_seq:Pe
cljs$core$chunked_seq$cljs$0core$0IFn$0_invoke$0arity$04:Oe
cljs$core$chunked_seq$cljs$0core$0IFn$0_invoke$0arity$05:Xe
cljs$core$chunked_seq_QMARK_:nd
cljs$core$ci_reduce$cljs$0core$0IFn$0_invoke$0arity$02:Gc
cljs$core$ci_reduce$cljs$0core$0IFn$0_invoke$0arity$03:Hc
cljs$core$clj__GT_js:yg
cljs$core$clone_and_set$cljs$0core$0IFn$0_invoke$0arity$03:sf
cljs$core$coll_QMARK_:hd
cljs$core$conj:Uc
cljs$core$conj_BANG_:Td
cljs$core$cons:Sc
cljs$core$contains_QMARK_:td
cljs$core$count:S
cljs$core$counted_QMARK_:Mc
cljs$core$create_array_node_seq:Hf
cljs$core$create_array_node_seq$cljs$0core$0IFn$0_invoke$0arity$01:Gf
cljs$core$create_array_node_seq$cljs$0core$0IFn$0_invoke$0arity$03:Nf
cljs$core$create_inode_seq:zf
cljs$core$create_inode_seq$cljs$0core$0IFn$0_invoke$0arity$01:yf
cljs$core$create_inode_seq$cljs$0core$0IFn$0_invoke$0arity$03:Lf
cljs$core$create_node:Df
cljs$core$create_node$cljs$0core$0IFn$0_invoke$0arity$06:Ef
cljs$core$create_node$cljs$0core$0IFn$0_invoke$0arity$07:Cf
cljs$core$deref:Fc
cljs$core$disj:fd
cljs$core$dissoc:$c
cljs$core$do_assoc:Ee
cljs$core$drop$cljs$0core$0IFn$0_invoke$0arity$02:se
cljs$core$drop_last$cljs$0core$0IFn$0_invoke$0arity$02:te
cljs$core$edit_and_set$cljs$0core$0IFn$0_invoke$0arity$04:uf
cljs$core$empty_QMARK_:gd
cljs$core$empty_ordered_hash:zc
cljs$core$empty_unordered_hash:Bc
cljs$core$equiv_map:ef
cljs$core$equiv_sequential:Rc
cljs$core$es6_iterator:wc
cljs$core$es6_iterator_seq:rc
cljs$core$every_QMARK_:le
cljs$core$first:M
cljs$core$fn_QMARK_:ad
cljs$core$gensym$cljs$0core$0IFn$0_invoke$0arity$01:ug
cljs$core$gensym_counter:tg
cljs$core$get:nc
cljs$core$hash:kc
cljs$core$hash_collision_node_find_index:If
cljs$core$hash_combine:lc
cljs$core$hash_map:fe
cljs$core$hash_ordered_coll:yc
cljs$core$hash_string:jc
cljs$core$hash_unordered_coll:Ac
cljs$core$identity:Ad
cljs$core$ifn_QMARK_:rd
cljs$core$imul:cc
cljs$core$inc:Cc
cljs$core$indexed_QMARK_:Nc
cljs$core$inode_kv_reduce:vf
cljs$core$integer_QMARK_:sd
cljs$core$into:ue
cljs$core$into_array$cljs$0core$0IFn$0_invoke$0arity$02:Ia
cljs$core$iter_reduce$cljs$0core$0IFn$0_invoke$0arity$02:wd
cljs$core$iter_reduce$cljs$0core$0IFn$0_invoke$0arity$03:xd
cljs$core$iterable_QMARK_:pc
cljs$core$keep$cljs$0core$0IFn$0_invoke$0arity$02:ne
cljs$core$key:Te
cljs$core$key__GT_js$cljs$0core$0IFn$0_invoke$0arity$02:xg
cljs$core$key_test:rf
cljs$core$keys:kf
cljs$core$keyword:Hd
cljs$core$lift_ns:qg
cljs$core$linear_traversal_nth$cljs$0core$0IFn$0_invoke$0arity$03:Xc
cljs$core$lookup_sentinel:pd
cljs$core$m3_fmix:fc
cljs$core$m3_hash_unencoded_chars:gc
cljs$core$m3_mix_H1:ec
cljs$core$m3_mix_K1:dc
cljs$core$map:re
cljs$core$map_QMARK_:kd
cljs$core$map_entry_QMARK_:Se
cljs$core$merge:Uf
cljs$core$meta:ed
cljs$core$missing_protocol:y
cljs$core$name:Id
cljs$core$namespace:Gd
cljs$core$native_satisfies_QMARK_:x
cljs$core$never_equiv:df
cljs$core$new_path:ze
cljs$core$next:O
cljs$core$next_STAR_:Vd
cljs$core$nil_iter:ge
cljs$core$nth:Pc
cljs$core$nth$cljs$0core$0IFn$0_invoke$0arity$02:Oc
cljs$core$nth$cljs$0core$0IFn$0_invoke$0arity$03:U
cljs$core$pop_tail:Fe
cljs$core$pr_opts:xa
cljs$core$pr_sequential_writer:dg
cljs$core$pr_str_STAR_:bc
cljs$core$pr_str_with_opts:og
cljs$core$pr_writer:kg
cljs$core$pr_writer_impl:jg
cljs$core$prim_seq$cljs$0core$0IFn$0_invoke$0arity$02:Tc
cljs$core$print_map:lg
cljs$core$print_meta_QMARK_:ig
cljs$core$print_prefix_map:rg
cljs$core$push_tail:Ae
cljs$core$pv_clone_node:xe
cljs$core$pv_fresh_node:we
cljs$core$pv_reduce$cljs$0core$0IFn$0_invoke$0arity$04:Ie
cljs$core$pv_reduce$cljs$0core$0IFn$0_invoke$0arity$05:Je
cljs$core$quot:Cd
cljs$core$quote_string:hg
cljs$core$ranged_iterator:He
cljs$core$re_matches:cg
cljs$core$record_QMARK_:ld
cljs$core$reduce:Ma
cljs$core$reduce$cljs$0core$0IFn$0_invoke$0arity$02:yd
cljs$core$reduce$cljs$0core$0IFn$0_invoke$0arity$03:La
cljs$core$reduce_kv:zd
cljs$core$reduced_QMARK_:Ec
cljs$core$remove_pair:tf
cljs$core$reset_BANG_:pe
cljs$core$rest:sc
cljs$core$select_keys:Vf
cljs$core$seq:J
cljs$core$seq_reduce$cljs$0core$0IFn$0_invoke$0arity$02:ud
cljs$core$seq_reduce$cljs$0core$0IFn$0_invoke$0arity$03:vd
cljs$core$sequential_QMARK_:jd
cljs$core$set:bg
cljs$core$set_QMARK_:id
cljs$core$some:me
cljs$core$spread:Sd
cljs$core$str:A
cljs$core$string_hash_cache:hc
cljs$core$string_hash_cache_count:ic
cljs$core$strip_ns:pg
cljs$core$swap_BANG_:qe
cljs$core$symbol:oc
cljs$core$t_cljs$0core6978:va
cljs$core$tail_off:ye
cljs$core$transduce$cljs$0core$0IFn$0_invoke$0arity$04:Bd
cljs$core$truth_:v
cljs$core$tv_editable_root:Me
cljs$core$tv_editable_tail:Ne
cljs$core$tv_ensure_editable:$e
cljs$core$tv_push_tail:af
cljs$core$type__GT_str:Fa
cljs$core$unchecked_array_for:Ce
cljs$core$val:Ue
cljs$core$vals:lf
cljs$core$vec:Re
cljs$core$vector:Ve
cljs$core$vector_QMARK_:md
cljs$core$vector_index_out_of_bounds:Be
cljs$core$with_meta:dd
cljs$core$write_all$cljs$0core$0IFn$0_invoke$0arity$0variadic:fg
cljs$cst$keyword$a_DOT_bio__link:bi
cljs$cst$keyword$a_DOT_button_DOT_button_DASH_orange:Bh
cljs$cst$keyword$a_DOT_footer__link:ai
cljs$cst$keyword$a_DOT_icon_DASH_wrapper:gi
cljs$cst$keyword$a_DOT_link:Ch
cljs$cst$keyword$a_DOT_link_DOT_link_DASH_icon:Og
cljs$cst$keyword$alt:Ug
cljs$cst$keyword$alt_DASH_impl:mg
cljs$cst$keyword$auto_DASH_run:Dg
cljs$cst$keyword$br:Sg
cljs$cst$keyword$callback:fi
cljs$cst$keyword$childContextTypes:Ng
cljs$cst$keyword$class:Pg
cljs$cst$keyword$className:Zh
cljs$cst$keyword$cljsLegacyRender:Vg
cljs$cst$keyword$cljs_DOT_core_SLASH_not_DASH_found:Xf
cljs$cst$keyword$componentWillUnmount:Fh
cljs$cst$keyword$component_DASH_did_DASH_update:ph
cljs$cst$keyword$component_DASH_will_DASH_unmount:Wh
cljs$cst$keyword$constructor:Mg
cljs$cst$keyword$contextType:Hh
cljs$cst$keyword$contextTypes:Oh
cljs$cst$keyword$d:Ah
cljs$cst$keyword$displayName:Hg
cljs$cst$keyword$display_DASH_name:Mh
cljs$cst$keyword$div:Lh
cljs$cst$keyword$div_DOT_bio:Th
cljs$cst$keyword$div_DOT_button_DASH_container:nh
cljs$cst$keyword$div_DOT_footer__icons:ii
cljs$cst$keyword$div_DOT_footer__text:Rg
cljs$cst$keyword$div_DOT_page:Rh
cljs$cst$keyword$div_DOT_page_DASH_progress:sh
cljs$cst$keyword$div_DOT_page_DASH_progress__progress:Qh
cljs$cst$keyword$div_DOT_section__body:Xg
cljs$cst$keyword$div_DOT_section__text:mh
cljs$cst$keyword$div_DOT_skill:oh
cljs$cst$keyword$div_DOT_skill_DASH_progress:Eg
cljs$cst$keyword$div_DOT_skill_DASH_progress_DOT_skill_DASH_progress_caption:jh
cljs$cst$keyword$div_DOT_skill_DASH_progress__progress:vh
cljs$cst$keyword$div_DOT_skill_DASH_section:Yh
cljs$cst$keyword$div_DOT_skill_DOT_skill_caption:Xh
cljs$cst$keyword$div_DOT_spacer:Lg
cljs$cst$keyword$div_DOT_tags:Cg
cljs$cst$keyword$download:xh
cljs$cst$keyword$dup:Ca
cljs$cst$keyword$fallback_DASH_impl:ng
cljs$cst$keyword$flush_DASH_on_DASH_newline:ya
cljs$cst$keyword$footer_DOT_footer:ih
cljs$cst$keyword$function_DASH_components:wh
cljs$cst$keyword$getDerivedStateFromError:Kg
cljs$cst$keyword$getDerivedStateFromProps:Ih
cljs$cst$keyword$getInitialState:dh
cljs$cst$keyword$h1_DOT_bio__title:eh
cljs$cst$keyword$h2_DOT_section__subtitle:Fg
cljs$cst$keyword$h2_DOT_section__title:kh
cljs$cst$keyword$h3:lh
cljs$cst$keyword$header_DOT_header:Gg
cljs$cst$keyword$href:ci
cljs$cst$keyword$id:Uh
cljs$cst$keyword$img:ah
cljs$cst$keyword$img_DOT_avatar:$h
cljs$cst$keyword$img_DOT_height_DASH_icon:rh
cljs$cst$keyword$img_DOT_icon:Wg
cljs$cst$keyword$img_DOT_svg_DASH_icon:bh
cljs$cst$keyword$key:zh
cljs$cst$keyword$keyword_DASH_fn:zg
cljs$cst$keyword$label_DOT_skill__label:hi
cljs$cst$keyword$link:Ag
cljs$cst$keyword$meta:Ba
cljs$cst$keyword$more_DASH_marker:eg
cljs$cst$keyword$name:$g
cljs$cst$keyword$nav_DOT_navbar:Tg
cljs$cst$keyword$no_DASH_cache:hh
cljs$cst$keyword$on_DASH_dispose:Ig
cljs$cst$keyword$on_DASH_set:fh
cljs$cst$keyword$on_DASH_write:yh
cljs$cst$keyword$p:Gh
cljs$cst$keyword$p_DOT_bio__subtitle:Qg
cljs$cst$keyword$p_DOT_text:Kh
cljs$cst$keyword$p_DOT_text_DASH_line:Yg
cljs$cst$keyword$parse_DASH_tag:di
cljs$cst$keyword$print_DASH_length:Da
cljs$cst$keyword$r:Eh
cljs$cst$keyword$readably:Aa
cljs$cst$keyword$reagentRender:Zg
cljs$cst$keyword$reagent_DASH_render:th
cljs$cst$keyword$render:Bg
cljs$cst$keyword$section_DOT_section:Nh
cljs$cst$keyword$section_DOT_title_DASH_section:Ph
cljs$cst$keyword$shouldComponentUpdate:Sh
cljs$cst$keyword$span:ji
cljs$cst$keyword$span_DOT_skill_DASH_progress__caption:Jg
cljs$cst$keyword$span_DOT_tag:ch
cljs$cst$keyword$span_DOT_text_DASH_light:qh
cljs$cst$keyword$src:gh
cljs$cst$keyword$style:ei
cljs$cst$keyword$val:sg
cljs$cst$keyword$validator:Jh
cljs$cst$keyword$w:Dh
cljs$cst$keyword$width:Vh
cljs$cst$keyword$word:uh
clojure$set$difference:Vi
clojure$string$join$cljs$0core$0IFn$0_invoke$0arity$02:si
clojure$string$replace:ri
clojure$string$replace_all:pi
clojure$string$replace_with:qi
clojure$string$split$cljs$0core$0IFn$0_invoke$0arity$03:ti
cur$jscomp$inline_1337:Gk
goog$UID_PROPERTY_:ha
goog$getUid:da
goog$global:aa
goog$object$PROTOTYPE_FIELDS_:ma
goog$object$extend:oa
goog$object$get:la
goog$object$getKeys:ja
goog$string$StringBuffer:qa
goog$typeOf:p
goog$uidCounter_:ia
module$node_modules$react$index:oi
module$node_modules$react_dom$index:hk
mysite$core$about_section:uk
mysite$core$avatar:pk
mysite$core$bio:qk
mysite$core$defenition:zk
mysite$core$defenitions:yk
mysite$core$download_button:mk
mysite$core$footer:Dk
mysite$core$footer_icon:Ck
mysite$core$footer_icons:Bk
mysite$core$home_page:lk
mysite$core$link:tk
mysite$core$navbar:ok
mysite$core$progress:nk
mysite$core$section:sk
mysite$core$skill:vk
mysite$core$skills_section:xk
mysite$core$tags:wk
mysite$core$title_section:rk
mysite$core$work:Ak
object$jscomp$inline_1333:Ek
part$jscomp$inline_1338:Hk
parts$jscomp$inline_1336:Fk
reagent:ui
reagent$dom$render$cljs$0core$0IFn$0_invoke$0arity$03:kk
reagent$dom$render_comp:jk
reagent$dom$roots:ik
reagent$impl:vi
reagent$impl$batching$compare_mount_order:Ji
reagent$impl$batching$fake_raf:Hi
reagent$impl$batching$mount_count:Gi
reagent$impl$batching$next_tick:Ii
reagent$impl$batching$queue_render:Qi
reagent$impl$batching$ratom_flush:Ki
reagent$impl$batching$render_queue:Pi
reagent$impl$batching$run_funs:Li
reagent$impl$component$_STAR_current_component_STAR_:pj
reagent$impl$component$built_in_static_method_names:Wf
reagent$impl$component$cache_react_class:Bj
reagent$impl$component$camelify_map_keys:wj
reagent$impl$component$cljsify:zj
reagent$impl$component$create_class:Aj
reagent$impl$component$custom_wrapper:tj
reagent$impl$component$dash_to_method_name:vj
reagent$impl$component$functional_render:Dj
reagent$impl$component$functional_render_fn:Fj
reagent$impl$component$functional_render_memo_fn:Ej
reagent$impl$component$functional_wrap_render:Cj
reagent$impl$component$map_to_js:yj
reagent$impl$component$obligatory:uj
reagent$impl$component$props_argv:qj
reagent$impl$component$rat_opts:oj
reagent$impl$component$reagent_class_QMARK_:rj
reagent$impl$component$wrap_funs:xj
reagent$impl$component$wrap_render:sj
reagent$impl$input$input_component_set_value:Ij
reagent$impl$input$input_handle_change:Jj
reagent$impl$input$input_node_set_value:Hj
reagent$impl$input$input_render_setup:Kj
reagent$impl$input$input_spec:Lj
reagent$impl$input$these_inputs_have_selection_api:Gj
reagent$impl$protocols$as_element:Ti
reagent$impl$protocols$get_id:Ri
reagent$impl$protocols$make_element:Ui
reagent$impl$protocols$parse_tag:Si
reagent$impl$template:Mj
reagent$impl$template$HiccupTag:Xj
reagent$impl$template$cache_get:Qj
reagent$impl$template$cached_parse:ck
reagent$impl$template$convert_custom_prop_value:Vj
reagent$impl$template$convert_prop_value:Sj
reagent$impl$template$custom_kv_conv:Uj
reagent$impl$template$custom_prop_name_cache:Tj
reagent$impl$template$default_compiler:gk
reagent$impl$template$expand_seq:ek
reagent$impl$template$function_element:Zj
reagent$impl$template$kv_conv:Rj
reagent$impl$template$make_element:Wj
reagent$impl$template$maybe_function_element:ak
reagent$impl$template$native_element:dk
reagent$impl$template$prop_name_cache:Pj
reagent$impl$template$re_tag:Oj
reagent$impl$template$reag_element:Yj
reagent$impl$template$t_reagent$0impl$0template8810:Nj
reagent$impl$template$tag_name_cache:bk
reagent$impl$template$vec_to_elem:fk
reagent$impl$util$_STAR_always_update_STAR_:Di
reagent$impl$util$capitalize:yi
reagent$impl$util$class_names:Ci
reagent$impl$util$dash_to_prop_name:zi
reagent$impl$util$dont_camel_case:xi
reagent$impl$util$fun_name:Ai
reagent$impl$util$get_react_key:Ei
reagent$impl$util$is_client:wi
reagent$impl$util$named_QMARK_:Bi
reagent$impl$util$react_key_from_vec:Fi
reagent$ratom$RAtom:dj
reagent$ratom$Reaction:hj
reagent$ratom$_STAR_ratom_context_STAR_:Wi
reagent$ratom$add_w:Zi
reagent$ratom$atom:ej
reagent$ratom$deref_capture:Xi
reagent$ratom$dispose_BANG_:fj
reagent$ratom$flush_BANG_:kj
reagent$ratom$handle_reaction_change:Nb
reagent$ratom$make_reaction:lj
reagent$ratom$notify_deref_watcher_BANG_:Yi
reagent$ratom$notify_w:aj
reagent$ratom$pr_atom:bj
reagent$ratom$rea_queue:cj
reagent$ratom$remove_w:$i
reagent$ratom$run_in_reaction:nj
reagent$ratom$temp_reaction:mj
shadow$js$files:ki
shadow$js$jsRequire:ni
shadow$js$nativeRequires:li
shadow$js$requireStack:mi
